// Jest Snapshot v1, https://goo.gl/fbAQLP

exports[`Pruebas es <GifItem/> Debe de hacer match con el snapshop 1`] = `
<div>
  <section
    class="sc-beqWaB gCcWFu"
  >
    <img
      alt="Vanessa"
      src="http://localhost/vanessa.com"
    />
    <p>
      Vanessa
    </p>
  </section>
</div>
`;
